app/(public)/tools/image-cropper/page.tsx(6,10): error TS2305: Module '"@/lib/utils"' has no exported member 'getCroppedImg'.
components/ui/AnimatedHero.tsx(58,33): error TS2322: Type '{ children: (string | Element)[]; size: string; className: string; }' is not assignable to type 'IntrinsicAttributes & ButtonProps & RefAttributes<HTMLButtonElement>'.
  Property 'size' does not exist on type 'IntrinsicAttributes & ButtonProps & RefAttributes<HTMLButtonElement>'.
components/ui/AnimatedHero.tsx(61,33): error TS2322: Type '{ children: string; variant: string; size: string; className: string; }' is not assignable to type 'IntrinsicAttributes & ButtonProps & RefAttributes<HTMLButtonElement>'.
  Property 'variant' does not exist on type 'IntrinsicAttributes & ButtonProps & RefAttributes<HTMLButtonElement>'.
components/ui/Badge.tsx(2,40): error TS2307: Cannot find module 'class-variance-authority' or its corresponding type declarations.
components/ui/Badge.tsx(30,29): error TS2339: Property 'variant' does not exist on type 'BadgeProps'.
components/ui/BentoGrid.tsx(41,44): error TS2322: Type '{ children: string; variant: string; className: string; }' is not assignable to type 'IntrinsicAttributes & BadgeProps'.
  Property 'variant' does not exist on type 'IntrinsicAttributes & BadgeProps'.
components/ui/Button.tsx(2,22): error TS2307: Cannot find module '@radix-ui/react-slot' or its corresponding type declarations.
components/ui/Button.tsx(3,40): error TS2307: Cannot find module 'class-variance-authority' or its corresponding type declarations.
components/ui/Button.tsx(43,19): error TS2339: Property 'variant' does not exist on type 'ButtonProps'.
components/ui/Button.tsx(43,28): error TS2339: Property 'size' does not exist on type 'ButtonProps'.
