components/tools/ScientificCalculator.tsx(116,40): error TS2304: Cannot find name 'cn'.
